// Jest Snapshot v1, https://goo.gl/fbAQLP

exports[`should render async page 1`] = `"<html><head><base href=\\"http://localhost:3000\\"></head><body><div id=\\"ua\\">Algolia Crawler</div><script>document.getElementById('ua').innerText = window.navigator.userAgent;</script><script>let i = 1;const addEvent = name => {document.body.innerHTML += \`\${i === 1 ? i : \` - \${i}\`}. \${name}\`;i++;}addEvent('Init')window.onload = addEvent.bind(null, 'window.onload');window.addEventListener('DOMContentLoaded', addEvent.bind(null, 'DOMContentLoaded'));setTimeout(addEvent.bind(null, 'setTimeout 1000'), 1000);setTimeout(addEvent.bind(null, 'setTimeout 5000'), 5000);setTimeout(addEvent.bind(null, 'setTimeout 10000'), 10000);setTimeout(addEvent.bind(null, 'setTimeout 20000'), 20000);</script>1. Init - 2. DOMContentLoaded - 3. window.onload</body></html>"`;
