// Jest Snapshot v1, https://goo.gl/fbAQLP

exports[`login should works with correct credentials 1`] = `
Object {
  "domain": "localhost",
  "expires": -1,
  "httpOnly": false,
  "name": "sessionToken",
  "path": "/secure",
  "sameParty": false,
  "secure": false,
  "session": true,
  "size": 26,
  "sourcePort": 3000,
  "sourceScheme": "NonSecure",
  "value": "53cu23_535510n",
}
`;
