// Jest Snapshot v1, https://goo.gl/fbAQLP

exports[`JavaScript redirect should not try to render the body if renderHTML was not requested 1`] = `
Object {
  "domain": "localhost",
  "expires": -1,
  "httpOnly": false,
  "name": "sessionToken",
  "path": "/secure",
  "sameSite": "Strict",
  "secure": false,
  "value": "53cu23_535510n",
}
`;

exports[`login should works even with a 2-steps login 1`] = `
Object {
  "domain": "localhost",
  "expires": -1,
  "httpOnly": false,
  "name": "sessionToken",
  "path": "/secure",
  "sameSite": "Strict",
  "secure": false,
  "value": "53cu23_535510n",
}
`;

exports[`login should works with a 2-steps JS login 1`] = `
Object {
  "domain": "localhost",
  "expires": -1,
  "httpOnly": false,
  "name": "sessionToken",
  "path": "/secure",
  "sameSite": "Strict",
  "secure": false,
  "value": "53cu23_535510n",
}
`;

exports[`login should works with correct credentials 1`] = `
Object {
  "domain": "localhost",
  "expires": -1,
  "httpOnly": false,
  "name": "sessionToken",
  "path": "/secure",
  "sameSite": "Strict",
  "secure": false,
  "value": "53cu23_535510n",
}
`;
